******************************************************************************
                  TI ARM Linker PC v20.2.6                     
******************************************************************************
>> Linked Sat Oct  1 16:33:22 2022

OUTPUT FILE NAME:   <Lab4.out>
ENTRY POINT SYMBOL: "_c_int00_noargs"  address: 00000649


MEMORY CONFIGURATION

         name            origin    length      used     unused   attr    fill
----------------------  --------  ---------  --------  --------  ----  --------
  MAIN                  00000000   00040000  0000070c  0003f8f4  R  X
  INFO                  00200000   00004000  00000000  00004000  R  X
  SRAM_CODE             01000000   00010000  00000214  0000fdec  RW X
  SRAM_DATA             20000000   00010000  00000214  0000fdec  RW  


SEGMENT ALLOCATION MAP

run origin  load origin   length   init length attrs members
----------  ----------- ---------- ----------- ----- -------
00000000    00000000    0000070c   0000070c    r-x
  00000000    00000000    000000e4   000000e4    r-- .intvecs
  000000e4    000000e4    000005bc   000005bc    r-x .text
  000006a0    000006a0    00000050   00000050    r-- .const
  000006f0    000006f0    0000001c   0000001c    r-- .cinit
20000000    20000000    00000014   00000000    rw-
  20000000    20000000    00000014   00000000    rw- .data
2000fe00    2000fe00    00000200   00000000    rw-
  2000fe00    2000fe00    00000200   00000000    rw- .stack


SECTION ALLOCATION MAP

 output                                  attributes/
section   page    origin      length       input sections
--------  ----  ----------  ----------   ----------------
.intvecs   0    00000000    000000e4     
                  00000000    000000e4     startup_msp432p401r_ccs.obj (.intvecs:retain)

.text      0    000000e4    000005bc     
                  000000e4    00000334     system_msp432p401r.obj (.text)
                  00000418    000000e8     main.obj (.text)
                  00000500    0000009c     rtsv7M4_T_le_v4SPD16_eabi.lib : memcpy_t2.asm.obj (.text)
                  0000059c    00000068                                   : copy_decompress_lzss.c.obj (.text:decompress:lzss:__TI_decompress_lzss)
                  00000604    00000044                                   : autoinit.c.obj (.text:__TI_auto_init_nobinit_nopinit:__TI_auto_init_nobinit_nopinit)
                  00000648    00000034                                   : boot_cortex_m.c.obj (.text:_c_int00_noargs:_c_int00_noargs)
                  0000067c    0000000e                                   : copy_decompress_none.c.obj (.text:decompress:none:__TI_decompress_none)
                  0000068a    0000000e     startup_msp432p401r_ccs.obj (.text)
                  00000698    00000004     rtsv7M4_T_le_v4SPD16_eabi.lib : pre_init.c.obj (.text:_system_pre_init)
                  0000069c    00000004                                   : exit.c.obj (.text:abort:abort)

.const     0    000006a0    00000050     
                  000006a0    00000040     main.obj (.const:$P$T1$2)
                  000006e0    00000010     main.obj (.const:$P$T0$1)

.cinit     0    000006f0    0000001c     
                  000006f0    0000000b     (.cinit..data.load) [load image, compression = lzss]
                  000006fb    00000001     --HOLE-- [fill = 0]
                  000006fc    00000008     (__TI_handler_table)
                  00000704    00000008     (__TI_cinit_table)

.init_array 
*          0    00000000    00000000     UNINITIALIZED

.binit     0    00000000    00000000     

.data      0    20000000    00000014     UNINITIALIZED
                  20000000    00000010     main.obj (.data:display)
                  20000010    00000004     system_msp432p401r.obj (.data)

.stack     0    2000fe00    00000200     UNINITIALIZED
                  2000fe00    00000004     rtsv7M4_T_le_v4SPD16_eabi.lib : boot_cortex_m.c.obj (.stack)
                  2000fe04    000001fc     --HOLE--

__llvm_prf_cnts 
*          0    20000000    00000000     UNINITIALIZED

MODULE SUMMARY

       Module                        code   ro data   rw data
       ------                        ----   -------   -------
    .\
       system_msp432p401r.obj        820    0         8      
       main.obj                      232    80        32     
       startup_msp432p401r_ccs.obj   14     228       0      
    +--+-----------------------------+------+---------+---------+
       Total:                        1066   308       40     
                                                             
    C:\ti\ccs1200\ccs\tools\compiler\ti-cgt-arm_20.2.6.LTS\lib\rtsv7M4_T_le_v4SPD16_eabi.lib
       memcpy_t2.asm.obj             156    0         0      
       copy_decompress_lzss.c.obj    104    0         0      
       autoinit.c.obj                68     0         0      
       boot_cortex_m.c.obj           52     0         0      
       copy_decompress_none.c.obj    14     0         0      
       exit.c.obj                    4      0         0      
       pre_init.c.obj                4      0         0      
    +--+-----------------------------+------+---------+---------+
       Total:                        402    0         0      
                                                             
       Stack:                        0      0         1024   
       Linker Generated:             0      27        0      
    +--+-----------------------------+------+---------+---------+
       Grand Total:                  1468   335       1064   


LINKER GENERATED COPY TABLES

__TI_cinit_table @ 00000704 records: 1, size/record: 8, table size: 8
	.data: load addr=000006f0, load size=0000000b bytes, run addr=20000000, run size=00000014 bytes, compression=lzss


LINKER GENERATED HANDLER TABLE

__TI_handler_table @ 000006fc records: 2, size/record: 4, table size: 8
	index: 0, handler: __TI_decompress_lzss
	index: 1, handler: __TI_decompress_none


GLOBAL SYMBOLS: SORTED ALPHABETICALLY BY Name 

address   name                          
-------   ----                          
00000697  ADC14_IRQHandler              
00000697  AES256_IRQHandler             
00000697  BusFault_Handler              
0000069d  C$$EXIT                       
00000697  COMP_E0_IRQHandler            
00000697  COMP_E1_IRQHandler            
00000697  CS_IRQHandler                 
00000697  DMA_ERR_IRQHandler            
00000697  DMA_INT0_IRQHandler           
00000697  DMA_INT1_IRQHandler           
00000697  DMA_INT2_IRQHandler           
00000697  DMA_INT3_IRQHandler           
00000697  DebugMon_Handler              
00000697  Default_Handler               
00000697  EUSCIA0_IRQHandler            
00000697  EUSCIA1_IRQHandler            
00000697  EUSCIA2_IRQHandler            
00000697  EUSCIA3_IRQHandler            
00000697  EUSCIB0_IRQHandler            
00000697  EUSCIB1_IRQHandler            
00000697  EUSCIB2_IRQHandler            
00000697  EUSCIB3_IRQHandler            
00000697  FLCTL_IRQHandler              
00000697  FPU_IRQHandler                
00000419  GPIO_7_seg_display_init       
00000697  HardFault_Handler             
00000697  MemManage_Handler             
00000697  NMI_Handler                   
0000043b  NVIC_init                     
00000697  PCM_IRQHandler                
00000697  PORT1_IRQHandler              
00000697  PORT2_IRQHandler              
00000697  PORT3_IRQHandler              
00000697  PORT4_IRQHandler              
00000697  PORT5_IRQHandler              
00000697  PORT6_IRQHandler              
00000697  PSS_IRQHandler                
00000697  PendSV_Handler                
00000697  RTC_C_IRQHandler              
0000068b  Reset_Handler                 
00000697  SVC_Handler                   
00000697  SysTick_Handler               
20000010  SystemCoreClock               
000000e5  SystemCoreClockUpdate         
0000035d  SystemInit                    
00000697  T32_INT1_IRQHandler           
00000697  T32_INT2_IRQHandler           
00000697  T32_INTC_IRQHandler           
00000697  TA0_0_IRQHandler              
00000697  TA0_N_IRQHandler              
00000697  TA1_0_IRQHandler              
00000697  TA1_N_IRQHandler              
00000697  TA2_0_IRQHandler              
00000697  TA2_N_IRQHandler              
00000697  TA3_0_IRQHandler              
00000697  TA3_N_IRQHandler              
00000697  UsageFault_Handler            
4000480c  WDTCTL_SYM                    
00000697  WDT_A_IRQHandler              
20010000  __STACK_END                   
00000200  __STACK_SIZE                  
00000704  __TI_CINIT_Base               
0000070c  __TI_CINIT_Limit              
000006fc  __TI_Handler_Table_Base       
00000704  __TI_Handler_Table_Limit      
00000605  __TI_auto_init_nobinit_nopinit
0000059d  __TI_decompress_lzss          
0000067d  __TI_decompress_none          
ffffffff  __TI_pprof_out_hndl           
ffffffff  __TI_prof_data_size           
ffffffff  __TI_prof_data_start          
00000000  __TI_static_base__            
00000501  __aeabi_memcpy                
00000501  __aeabi_memcpy4               
00000501  __aeabi_memcpy8               
ffffffff  __binit__                     
ffffffff  __c_args__                    
UNDEFED   __mpu_init                    
2000fe00  __stack                       
20000000  __start___llvm_prf_cnts       
20000000  __stop___llvm_prf_cnts        
00000649  _c_int00_noargs               
UNDEFED   _system_post_cinit            
00000699  _system_pre_init              
0000069d  abort                         
ffffffff  binit                         
0000043f  blank_LED                     
20000000  display                       
00000487  display_LED                   
0000043d  integer_to_array              
00000000  interruptVectors              
000004a3  main                          
00000501  memcpy                        
00000467  output_segments               
0000042f  push_button_init              
00000447  select_LED_Digit              


GLOBAL SYMBOLS: SORTED BY Symbol Address 

address   name                          
-------   ----                          
00000000  __TI_static_base__            
00000000  interruptVectors              
000000e5  SystemCoreClockUpdate         
00000200  __STACK_SIZE                  
0000035d  SystemInit                    
00000419  GPIO_7_seg_display_init       
0000042f  push_button_init              
0000043b  NVIC_init                     
0000043d  integer_to_array              
0000043f  blank_LED                     
00000447  select_LED_Digit              
00000467  output_segments               
00000487  display_LED                   
000004a3  main                          
00000501  __aeabi_memcpy                
00000501  __aeabi_memcpy4               
00000501  __aeabi_memcpy8               
00000501  memcpy                        
0000059d  __TI_decompress_lzss          
00000605  __TI_auto_init_nobinit_nopinit
00000649  _c_int00_noargs               
0000067d  __TI_decompress_none          
0000068b  Reset_Handler                 
00000697  ADC14_IRQHandler              
00000697  AES256_IRQHandler             
00000697  BusFault_Handler              
00000697  COMP_E0_IRQHandler            
00000697  COMP_E1_IRQHandler            
00000697  CS_IRQHandler                 
00000697  DMA_ERR_IRQHandler            
00000697  DMA_INT0_IRQHandler           
00000697  DMA_INT1_IRQHandler           
00000697  DMA_INT2_IRQHandler           
00000697  DMA_INT3_IRQHandler           
00000697  DebugMon_Handler              
00000697  Default_Handler               
00000697  EUSCIA0_IRQHandler            
00000697  EUSCIA1_IRQHandler            
00000697  EUSCIA2_IRQHandler            
00000697  EUSCIA3_IRQHandler            
00000697  EUSCIB0_IRQHandler            
00000697  EUSCIB1_IRQHandler            
00000697  EUSCIB2_IRQHandler            
00000697  EUSCIB3_IRQHandler            
00000697  FLCTL_IRQHandler              
00000697  FPU_IRQHandler                
00000697  HardFault_Handler             
00000697  MemManage_Handler             
00000697  NMI_Handler                   
00000697  PCM_IRQHandler                
00000697  PORT1_IRQHandler              
00000697  PORT2_IRQHandler              
00000697  PORT3_IRQHandler              
00000697  PORT4_IRQHandler              
00000697  PORT5_IRQHandler              
00000697  PORT6_IRQHandler              
00000697  PSS_IRQHandler                
00000697  PendSV_Handler                
00000697  RTC_C_IRQHandler              
00000697  SVC_Handler                   
00000697  SysTick_Handler               
00000697  T32_INT1_IRQHandler           
00000697  T32_INT2_IRQHandler           
00000697  T32_INTC_IRQHandler           
00000697  TA0_0_IRQHandler              
00000697  TA0_N_IRQHandler              
00000697  TA1_0_IRQHandler              
00000697  TA1_N_IRQHandler              
00000697  TA2_0_IRQHandler              
00000697  TA2_N_IRQHandler              
00000697  TA3_0_IRQHandler              
00000697  TA3_N_IRQHandler              
00000697  UsageFault_Handler            
00000697  WDT_A_IRQHandler              
00000699  _system_pre_init              
0000069d  C$$EXIT                       
0000069d  abort                         
000006fc  __TI_Handler_Table_Base       
00000704  __TI_CINIT_Base               
00000704  __TI_Handler_Table_Limit      
0000070c  __TI_CINIT_Limit              
20000000  __start___llvm_prf_cnts       
20000000  __stop___llvm_prf_cnts        
20000000  display                       
20000010  SystemCoreClock               
2000fe00  __stack                       
20010000  __STACK_END                   
4000480c  WDTCTL_SYM                    
ffffffff  __TI_pprof_out_hndl           
ffffffff  __TI_prof_data_size           
ffffffff  __TI_prof_data_start          
ffffffff  __binit__                     
ffffffff  __c_args__                    
ffffffff  binit                         
UNDEFED   __mpu_init                    
UNDEFED   _system_post_cinit            

[96 symbols]
