******************************************************************************
                  TI ARM Linker PC v20.2.6                     
******************************************************************************
>> Linked Sat Oct  1 16:22:53 2022

OUTPUT FILE NAME:   <Lab4.out>
ENTRY POINT SYMBOL: "_c_int00_noargs"  address: 000005ad


MEMORY CONFIGURATION

         name            origin    length      used     unused   attr    fill
----------------------  --------  ---------  --------  --------  ----  --------
  MAIN                  00000000   00040000  0000061c  0003f9e4  R  X
  INFO                  00200000   00004000  00000000  00004000  R  X
  SRAM_CODE             01000000   00010000  00000204  0000fdfc  RW X
  SRAM_DATA             20000000   00010000  00000204  0000fdfc  RW  


SEGMENT ALLOCATION MAP

run origin  load origin   length   init length attrs members
----------  ----------- ---------- ----------- ----- -------
00000000    00000000    00000620   00000620    r-x
  00000000    00000000    000000e4   000000e4    r-- .intvecs
  000000e4    000000e4    00000520   00000520    r-x .text
  00000608    00000608    00000018   00000018    r-- .cinit
20000000    20000000    00000004   00000000    rw-
  20000000    20000000    00000004   00000000    rw- .data
2000fe00    2000fe00    00000200   00000000    rw-
  2000fe00    2000fe00    00000200   00000000    rw- .stack


SECTION ALLOCATION MAP

 output                                  attributes/
section   page    origin      length       input sections
--------  ----  ----------  ----------   ----------------
.intvecs   0    00000000    000000e4     
                  00000000    000000e4     startup_msp432p401r_ccs.obj (.intvecs:retain)

.text      0    000000e4    00000520     
                  000000e4    00000334     system_msp432p401r.obj (.text)
                  00000418    0000009c     rtsv7M4_T_le_v4SPD16_eabi.lib : memcpy_t2.asm.obj (.text)
                  000004b4    00000068                                   : copy_decompress_lzss.c.obj (.text:decompress:lzss:__TI_decompress_lzss)
                  0000051c    0000004c     main.obj (.text)
                  00000568    00000044     rtsv7M4_T_le_v4SPD16_eabi.lib : autoinit.c.obj (.text:__TI_auto_init_nobinit_nopinit:__TI_auto_init_nobinit_nopinit)
                  000005ac    00000034                                   : boot_cortex_m.c.obj (.text:_c_int00_noargs:_c_int00_noargs)
                  000005e0    0000000e                                   : copy_decompress_none.c.obj (.text:decompress:none:__TI_decompress_none)
                  000005ee    0000000e     startup_msp432p401r_ccs.obj (.text)
                  000005fc    00000004     rtsv7M4_T_le_v4SPD16_eabi.lib : pre_init.c.obj (.text:_system_pre_init)
                  00000600    00000004                                   : exit.c.obj (.text:abort:abort)

.cinit     0    00000608    00000018     
                  00000608    00000008     (.cinit..data.load) [load image, compression = lzss]
                  00000610    00000008     (__TI_handler_table)
                  00000618    00000008     (__TI_cinit_table)

.init_array 
*          0    00000000    00000000     UNINITIALIZED

.binit     0    00000000    00000000     

.data      0    20000000    00000004     UNINITIALIZED
                  20000000    00000004     system_msp432p401r.obj (.data)

.stack     0    2000fe00    00000200     UNINITIALIZED
                  2000fe00    00000004     rtsv7M4_T_le_v4SPD16_eabi.lib : boot_cortex_m.c.obj (.stack)
                  2000fe04    000001fc     --HOLE--

__llvm_prf_cnts 
*          0    20000000    00000000     UNINITIALIZED

MODULE SUMMARY

       Module                        code   ro data   rw data
       ------                        ----   -------   -------
    .\
       system_msp432p401r.obj        820    0         8      
       startup_msp432p401r_ccs.obj   14     228       0      
       main.obj                      76     0         0      
    +--+-----------------------------+------+---------+---------+
       Total:                        910    228       8      
                                                             
    C:\ti\ccs1200\ccs\tools\compiler\ti-cgt-arm_20.2.6.LTS\lib\rtsv7M4_T_le_v4SPD16_eabi.lib
       memcpy_t2.asm.obj             156    0         0      
       copy_decompress_lzss.c.obj    104    0         0      
       autoinit.c.obj                68     0         0      
       boot_cortex_m.c.obj           52     0         0      
       copy_decompress_none.c.obj    14     0         0      
       exit.c.obj                    4      0         0      
       pre_init.c.obj                4      0         0      
    +--+-----------------------------+------+---------+---------+
       Total:                        402    0         0      
                                                             
       Stack:                        0      0         1024   
       Linker Generated:             0      24        0      
    +--+-----------------------------+------+---------+---------+
       Grand Total:                  1312   252       1032   


LINKER GENERATED COPY TABLES

__TI_cinit_table @ 00000618 records: 1, size/record: 8, table size: 8
	.data: load addr=00000608, load size=00000008 bytes, run addr=20000000, run size=00000004 bytes, compression=lzss


LINKER GENERATED HANDLER TABLE

__TI_handler_table @ 00000610 records: 2, size/record: 4, table size: 8
	index: 0, handler: __TI_decompress_lzss
	index: 1, handler: __TI_decompress_none


GLOBAL SYMBOLS: SORTED ALPHABETICALLY BY Name 

address   name                          
-------   ----                          
000005fb  ADC14_IRQHandler              
000005fb  AES256_IRQHandler             
000005fb  BusFault_Handler              
00000601  C$$EXIT                       
000005fb  COMP_E0_IRQHandler            
000005fb  COMP_E1_IRQHandler            
000005fb  CS_IRQHandler                 
000005fb  DMA_ERR_IRQHandler            
000005fb  DMA_INT0_IRQHandler           
000005fb  DMA_INT1_IRQHandler           
000005fb  DMA_INT2_IRQHandler           
000005fb  DMA_INT3_IRQHandler           
000005fb  DebugMon_Handler              
000005fb  Default_Handler               
000005fb  EUSCIA0_IRQHandler            
000005fb  EUSCIA1_IRQHandler            
000005fb  EUSCIA2_IRQHandler            
000005fb  EUSCIA3_IRQHandler            
000005fb  EUSCIB0_IRQHandler            
000005fb  EUSCIB1_IRQHandler            
000005fb  EUSCIB2_IRQHandler            
000005fb  EUSCIB3_IRQHandler            
000005fb  FLCTL_IRQHandler              
000005fb  FPU_IRQHandler                
0000051d  GPIO_7_seg_display_init       
000005fb  HardFault_Handler             
000005fb  MemManage_Handler             
000005fb  NMI_Handler                   
00000535  NVIC_init                     
000005fb  PCM_IRQHandler                
000005fb  PORT1_IRQHandler              
000005fb  PORT2_IRQHandler              
000005fb  PORT3_IRQHandler              
000005fb  PORT4_IRQHandler              
000005fb  PORT5_IRQHandler              
000005fb  PORT6_IRQHandler              
000005fb  PSS_IRQHandler                
000005fb  PendSV_Handler                
000005fb  RTC_C_IRQHandler              
000005ef  Reset_Handler                 
000005fb  SVC_Handler                   
000005fb  SysTick_Handler               
20000000  SystemCoreClock               
000000e5  SystemCoreClockUpdate         
0000035d  SystemInit                    
000005fb  T32_INT1_IRQHandler           
000005fb  T32_INT2_IRQHandler           
000005fb  T32_INTC_IRQHandler           
000005fb  TA0_0_IRQHandler              
000005fb  TA0_N_IRQHandler              
000005fb  TA1_0_IRQHandler              
000005fb  TA1_N_IRQHandler              
000005fb  TA2_0_IRQHandler              
000005fb  TA2_N_IRQHandler              
000005fb  TA3_0_IRQHandler              
000005fb  TA3_N_IRQHandler              
000005fb  UsageFault_Handler            
4000480c  WDTCTL_SYM                    
000005fb  WDT_A_IRQHandler              
20010000  __STACK_END                   
00000200  __STACK_SIZE                  
00000618  __TI_CINIT_Base               
00000620  __TI_CINIT_Limit              
00000610  __TI_Handler_Table_Base       
00000618  __TI_Handler_Table_Limit      
00000569  __TI_auto_init_nobinit_nopinit
000004b5  __TI_decompress_lzss          
000005e1  __TI_decompress_none          
ffffffff  __TI_pprof_out_hndl           
ffffffff  __TI_prof_data_size           
ffffffff  __TI_prof_data_start          
00000000  __TI_static_base__            
00000419  __aeabi_memcpy                
00000419  __aeabi_memcpy4               
00000419  __aeabi_memcpy8               
ffffffff  __binit__                     
ffffffff  __c_args__                    
UNDEFED   __mpu_init                    
2000fe00  __stack                       
20000000  __start___llvm_prf_cnts       
20000000  __stop___llvm_prf_cnts        
000005ad  _c_int00_noargs               
UNDEFED   _system_post_cinit            
000005fd  _system_pre_init              
00000601  abort                         
ffffffff  binit                         
00000539  display                       
00000537  integer_to_array              
00000000  interruptVectors              
0000053b  main                          
00000419  memcpy                        
00000533  push_button_init              


GLOBAL SYMBOLS: SORTED BY Symbol Address 

address   name                          
-------   ----                          
00000000  __TI_static_base__            
00000000  interruptVectors              
000000e5  SystemCoreClockUpdate         
00000200  __STACK_SIZE                  
0000035d  SystemInit                    
00000419  __aeabi_memcpy                
00000419  __aeabi_memcpy4               
00000419  __aeabi_memcpy8               
00000419  memcpy                        
000004b5  __TI_decompress_lzss          
0000051d  GPIO_7_seg_display_init       
00000533  push_button_init              
00000535  NVIC_init                     
00000537  integer_to_array              
00000539  display                       
0000053b  main                          
00000569  __TI_auto_init_nobinit_nopinit
000005ad  _c_int00_noargs               
000005e1  __TI_decompress_none          
000005ef  Reset_Handler                 
000005fb  ADC14_IRQHandler              
000005fb  AES256_IRQHandler             
000005fb  BusFault_Handler              
000005fb  COMP_E0_IRQHandler            
000005fb  COMP_E1_IRQHandler            
000005fb  CS_IRQHandler                 
000005fb  DMA_ERR_IRQHandler            
000005fb  DMA_INT0_IRQHandler           
000005fb  DMA_INT1_IRQHandler           
000005fb  DMA_INT2_IRQHandler           
000005fb  DMA_INT3_IRQHandler           
000005fb  DebugMon_Handler              
000005fb  Default_Handler               
000005fb  EUSCIA0_IRQHandler            
000005fb  EUSCIA1_IRQHandler            
000005fb  EUSCIA2_IRQHandler            
000005fb  EUSCIA3_IRQHandler            
000005fb  EUSCIB0_IRQHandler            
000005fb  EUSCIB1_IRQHandler            
000005fb  EUSCIB2_IRQHandler            
000005fb  EUSCIB3_IRQHandler            
000005fb  FLCTL_IRQHandler              
000005fb  FPU_IRQHandler                
000005fb  HardFault_Handler             
000005fb  MemManage_Handler             
000005fb  NMI_Handler                   
000005fb  PCM_IRQHandler                
000005fb  PORT1_IRQHandler              
000005fb  PORT2_IRQHandler              
000005fb  PORT3_IRQHandler              
000005fb  PORT4_IRQHandler              
000005fb  PORT5_IRQHandler              
000005fb  PORT6_IRQHandler              
000005fb  PSS_IRQHandler                
000005fb  PendSV_Handler                
000005fb  RTC_C_IRQHandler              
000005fb  SVC_Handler                   
000005fb  SysTick_Handler               
000005fb  T32_INT1_IRQHandler           
000005fb  T32_INT2_IRQHandler           
000005fb  T32_INTC_IRQHandler           
000005fb  TA0_0_IRQHandler              
000005fb  TA0_N_IRQHandler              
000005fb  TA1_0_IRQHandler              
000005fb  TA1_N_IRQHandler              
000005fb  TA2_0_IRQHandler              
000005fb  TA2_N_IRQHandler              
000005fb  TA3_0_IRQHandler              
000005fb  TA3_N_IRQHandler              
000005fb  UsageFault_Handler            
000005fb  WDT_A_IRQHandler              
000005fd  _system_pre_init              
00000601  C$$EXIT                       
00000601  abort                         
00000610  __TI_Handler_Table_Base       
00000618  __TI_CINIT_Base               
00000618  __TI_Handler_Table_Limit      
00000620  __TI_CINIT_Limit              
20000000  SystemCoreClock               
20000000  __start___llvm_prf_cnts       
20000000  __stop___llvm_prf_cnts        
2000fe00  __stack                       
20010000  __STACK_END                   
4000480c  WDTCTL_SYM                    
ffffffff  __TI_pprof_out_hndl           
ffffffff  __TI_prof_data_size           
ffffffff  __TI_prof_data_start          
ffffffff  __binit__                     
ffffffff  __c_args__                    
ffffffff  binit                         
UNDEFED   __mpu_init                    
UNDEFED   _system_post_cinit            

[92 symbols]
