******************************************************************************
                  TI ARM Linker PC v20.2.6                     
******************************************************************************
>> Linked Sun Oct  2 00:18:02 2022

OUTPUT FILE NAME:   <Lab4.out>
ENTRY POINT SYMBOL: "_c_int00_noargs"  address: 0000077d


MEMORY CONFIGURATION

         name            origin    length      used     unused   attr    fill
----------------------  --------  ---------  --------  --------  ----  --------
  MAIN                  00000000   00040000  00000840  0003f7c0  R  X
  INFO                  00200000   00004000  00000000  00004000  R  X
  SRAM_CODE             01000000   00010000  00000218  0000fde8  RW X
  SRAM_DATA             20000000   00010000  00000218  0000fde8  RW  


SEGMENT ALLOCATION MAP

run origin  load origin   length   init length attrs members
----------  ----------- ---------- ----------- ----- -------
00000000    00000000    00000844   00000844    r-x
  00000000    00000000    000000e4   000000e4    r-- .intvecs
  000000e4    000000e4    000006f0   000006f0    r-x .text
  000007d4    000007d4    00000050   00000050    r-- .const
  00000828    00000828    0000001c   0000001c    r-- .cinit
20000000    20000000    00000018   00000000    rw-
  20000000    20000000    00000018   00000000    rw- .data
2000fe00    2000fe00    00000200   00000000    rw-
  2000fe00    2000fe00    00000200   00000000    rw- .stack


SECTION ALLOCATION MAP

 output                                  attributes/
section   page    origin      length       input sections
--------  ----  ----------  ----------   ----------------
.intvecs   0    00000000    000000e4     
                  00000000    000000e4     startup_msp432p401r_ccs.obj (.intvecs:retain)

.text      0    000000e4    000006f0     
                  000000e4    00000334     system_msp432p401r.obj (.text)
                  00000418    0000021c     main.obj (.text)
                  00000634    0000009c     rtsv7M4_T_le_v4SPD16_eabi.lib : memcpy_t2.asm.obj (.text)
                  000006d0    00000068                                   : copy_decompress_lzss.c.obj (.text:decompress:lzss:__TI_decompress_lzss)
                  00000738    00000044                                   : autoinit.c.obj (.text:__TI_auto_init_nobinit_nopinit:__TI_auto_init_nobinit_nopinit)
                  0000077c    00000034                                   : boot_cortex_m.c.obj (.text:_c_int00_noargs:_c_int00_noargs)
                  000007b0    0000000e                                   : copy_decompress_none.c.obj (.text:decompress:none:__TI_decompress_none)
                  000007be    0000000e     startup_msp432p401r_ccs.obj (.text)
                  000007cc    00000004     rtsv7M4_T_le_v4SPD16_eabi.lib : pre_init.c.obj (.text:_system_pre_init)
                  000007d0    00000004                                   : exit.c.obj (.text:abort:abort)

.const     0    000007d4    00000050     
                  000007d4    00000040     main.obj (.const:$P$T1$2)
                  00000814    00000010     main.obj (.const:$P$T0$1)

.cinit     0    00000828    0000001c     
                  00000828    0000000c     (.cinit..data.load) [load image, compression = lzss]
                  00000834    00000008     (__TI_handler_table)
                  0000083c    00000008     (__TI_cinit_table)

.init_array 
*          0    00000000    00000000     UNINITIALIZED

.binit     0    00000000    00000000     

.data      0    20000000    00000018     UNINITIALIZED
                  20000000    00000010     main.obj (.data:display)
                  20000010    00000004     main.obj (.data)
                  20000014    00000004     system_msp432p401r.obj (.data)

.stack     0    2000fe00    00000200     UNINITIALIZED
                  2000fe00    00000004     rtsv7M4_T_le_v4SPD16_eabi.lib : boot_cortex_m.c.obj (.stack)
                  2000fe04    000001fc     --HOLE--

__llvm_prf_cnts 
*          0    20000000    00000000     UNINITIALIZED

MODULE SUMMARY

       Module                        code   ro data   rw data
       ------                        ----   -------   -------
    .\
       system_msp432p401r.obj        820    0         8      
       main.obj                      540    80        40     
       startup_msp432p401r_ccs.obj   14     228       0      
    +--+-----------------------------+------+---------+---------+
       Total:                        1374   308       48     
                                                             
    C:\ti\ccs1200\ccs\tools\compiler\ti-cgt-arm_20.2.6.LTS\lib\rtsv7M4_T_le_v4SPD16_eabi.lib
       memcpy_t2.asm.obj             156    0         0      
       copy_decompress_lzss.c.obj    104    0         0      
       autoinit.c.obj                68     0         0      
       boot_cortex_m.c.obj           52     0         0      
       copy_decompress_none.c.obj    14     0         0      
       exit.c.obj                    4      0         0      
       pre_init.c.obj                4      0         0      
    +--+-----------------------------+------+---------+---------+
       Total:                        402    0         0      
                                                             
       Stack:                        0      0         1024   
       Linker Generated:             0      28        0      
    +--+-----------------------------+------+---------+---------+
       Grand Total:                  1776   336       1072   


LINKER GENERATED COPY TABLES

__TI_cinit_table @ 0000083c records: 1, size/record: 8, table size: 8
	.data: load addr=00000828, load size=0000000c bytes, run addr=20000000, run size=00000018 bytes, compression=lzss


LINKER GENERATED HANDLER TABLE

__TI_handler_table @ 00000834 records: 2, size/record: 4, table size: 8
	index: 0, handler: __TI_decompress_lzss
	index: 1, handler: __TI_decompress_none


GLOBAL SYMBOLS: SORTED ALPHABETICALLY BY Name 

address   name                          
-------   ----                          
000007cb  ADC14_IRQHandler              
000007cb  AES256_IRQHandler             
000007cb  BusFault_Handler              
000007d1  C$$EXIT                       
000007cb  COMP_E0_IRQHandler            
000007cb  COMP_E1_IRQHandler            
000007cb  CS_IRQHandler                 
000007cb  DMA_ERR_IRQHandler            
000007cb  DMA_INT0_IRQHandler           
000007cb  DMA_INT1_IRQHandler           
000007cb  DMA_INT2_IRQHandler           
000007cb  DMA_INT3_IRQHandler           
000007cb  DebugMon_Handler              
000007cb  Default_Handler               
000007cb  EUSCIA0_IRQHandler            
000007cb  EUSCIA1_IRQHandler            
000007cb  EUSCIA2_IRQHandler            
000007cb  EUSCIA3_IRQHandler            
000007cb  EUSCIB0_IRQHandler            
000007cb  EUSCIB1_IRQHandler            
000007cb  EUSCIB2_IRQHandler            
000007cb  EUSCIB3_IRQHandler            
000007cb  FLCTL_IRQHandler              
000007cb  FPU_IRQHandler                
00000419  GPIO_7_seg_display_init       
000007cb  HardFault_Handler             
000007cb  MemManage_Handler             
000007cb  NMI_Handler                   
0000046d  NVIC_init                     
000007cb  PCM_IRQHandler                
000004a9  PORT1_IRQHandler              
000004a9  PORT1_IRQHandler              
000007cb  PORT2_IRQHandler              
000007cb  PORT3_IRQHandler              
000007cb  PORT4_IRQHandler              
000007cb  PORT5_IRQHandler              
000007cb  PORT6_IRQHandler              
000007cb  PSS_IRQHandler                
000007cb  PendSV_Handler                
000007cb  RTC_C_IRQHandler              
000007bf  Reset_Handler                 
000007cb  SVC_Handler                   
000007cb  SysTick_Handler               
20000014  SystemCoreClock               
000000e5  SystemCoreClockUpdate         
0000035d  SystemInit                    
000007cb  T32_INT1_IRQHandler           
000007cb  T32_INT2_IRQHandler           
000007cb  T32_INTC_IRQHandler           
000007cb  TA0_0_IRQHandler              
000007cb  TA0_N_IRQHandler              
000007cb  TA1_0_IRQHandler              
000007cb  TA1_N_IRQHandler              
000007cb  TA2_0_IRQHandler              
000007cb  TA2_N_IRQHandler              
000007cb  TA3_0_IRQHandler              
000007cb  TA3_N_IRQHandler              
000007cb  UsageFault_Handler            
4000480c  WDTCTL_SYM                    
000007cb  WDT_A_IRQHandler              
20010000  __STACK_END                   
00000200  __STACK_SIZE                  
0000083c  __TI_CINIT_Base               
00000844  __TI_CINIT_Limit              
00000834  __TI_Handler_Table_Base       
0000083c  __TI_Handler_Table_Limit      
00000739  __TI_auto_init_nobinit_nopinit
000006d1  __TI_decompress_lzss          
000007b1  __TI_decompress_none          
ffffffff  __TI_pprof_out_hndl           
ffffffff  __TI_prof_data_size           
ffffffff  __TI_prof_data_start          
00000000  __TI_static_base__            
00000635  __aeabi_memcpy                
00000635  __aeabi_memcpy4               
00000635  __aeabi_memcpy8               
ffffffff  __binit__                     
ffffffff  __c_args__                    
UNDEFED   __mpu_init                    
2000fe00  __stack                       
20000000  __start___llvm_prf_cnts       
20000000  __stop___llvm_prf_cnts        
0000077d  _c_int00_noargs               
UNDEFED   _system_post_cinit            
000007cd  _system_pre_init              
000007d1  abort                         
ffffffff  binit                         
00000539  blank_LED                     
20000010  counter                       
20000000  display                       
00000581  display_LED                   
000004d3  integer_to_array              
00000000  interruptVectors              
0000059d  main                          
00000635  memcpy                        
00000561  output_segments               
00000439  push_button_init              
00000541  select_LED_Digit              


GLOBAL SYMBOLS: SORTED BY Symbol Address 

address   name                          
-------   ----                          
00000000  __TI_static_base__            
00000000  interruptVectors              
000000e5  SystemCoreClockUpdate         
00000200  __STACK_SIZE                  
0000035d  SystemInit                    
00000419  GPIO_7_seg_display_init       
00000439  push_button_init              
0000046d  NVIC_init                     
000004a9  PORT1_IRQHandler              
000004a9  PORT1_IRQHandler              
000004d3  integer_to_array              
00000539  blank_LED                     
00000541  select_LED_Digit              
00000561  output_segments               
00000581  display_LED                   
0000059d  main                          
00000635  __aeabi_memcpy                
00000635  __aeabi_memcpy4               
00000635  __aeabi_memcpy8               
00000635  memcpy                        
000006d1  __TI_decompress_lzss          
00000739  __TI_auto_init_nobinit_nopinit
0000077d  _c_int00_noargs               
000007b1  __TI_decompress_none          
000007bf  Reset_Handler                 
000007cb  ADC14_IRQHandler              
000007cb  AES256_IRQHandler             
000007cb  BusFault_Handler              
000007cb  COMP_E0_IRQHandler            
000007cb  COMP_E1_IRQHandler            
000007cb  CS_IRQHandler                 
000007cb  DMA_ERR_IRQHandler            
000007cb  DMA_INT0_IRQHandler           
000007cb  DMA_INT1_IRQHandler           
000007cb  DMA_INT2_IRQHandler           
000007cb  DMA_INT3_IRQHandler           
000007cb  DebugMon_Handler              
000007cb  Default_Handler               
000007cb  EUSCIA0_IRQHandler            
000007cb  EUSCIA1_IRQHandler            
000007cb  EUSCIA2_IRQHandler            
000007cb  EUSCIA3_IRQHandler            
000007cb  EUSCIB0_IRQHandler            
000007cb  EUSCIB1_IRQHandler            
000007cb  EUSCIB2_IRQHandler            
000007cb  EUSCIB3_IRQHandler            
000007cb  FLCTL_IRQHandler              
000007cb  FPU_IRQHandler                
000007cb  HardFault_Handler             
000007cb  MemManage_Handler             
000007cb  NMI_Handler                   
000007cb  PCM_IRQHandler                
000007cb  PORT2_IRQHandler              
000007cb  PORT3_IRQHandler              
000007cb  PORT4_IRQHandler              
000007cb  PORT5_IRQHandler              
000007cb  PORT6_IRQHandler              
000007cb  PSS_IRQHandler                
000007cb  PendSV_Handler                
000007cb  RTC_C_IRQHandler              
000007cb  SVC_Handler                   
000007cb  SysTick_Handler               
000007cb  T32_INT1_IRQHandler           
000007cb  T32_INT2_IRQHandler           
000007cb  T32_INTC_IRQHandler           
000007cb  TA0_0_IRQHandler              
000007cb  TA0_N_IRQHandler              
000007cb  TA1_0_IRQHandler              
000007cb  TA1_N_IRQHandler              
000007cb  TA2_0_IRQHandler              
000007cb  TA2_N_IRQHandler              
000007cb  TA3_0_IRQHandler              
000007cb  TA3_N_IRQHandler              
000007cb  UsageFault_Handler            
000007cb  WDT_A_IRQHandler              
000007cd  _system_pre_init              
000007d1  C$$EXIT                       
000007d1  abort                         
00000834  __TI_Handler_Table_Base       
0000083c  __TI_CINIT_Base               
0000083c  __TI_Handler_Table_Limit      
00000844  __TI_CINIT_Limit              
20000000  __start___llvm_prf_cnts       
20000000  __stop___llvm_prf_cnts        
20000000  display                       
20000010  counter                       
20000014  SystemCoreClock               
2000fe00  __stack                       
20010000  __STACK_END                   
4000480c  WDTCTL_SYM                    
ffffffff  __TI_pprof_out_hndl           
ffffffff  __TI_prof_data_size           
ffffffff  __TI_prof_data_start          
ffffffff  __binit__                     
ffffffff  __c_args__                    
ffffffff  binit                         
UNDEFED   __mpu_init                    
UNDEFED   _system_post_cinit            

[98 symbols]
