******************************************************************************
                  TI ARM Linker PC v20.2.6                     
******************************************************************************
>> Linked Sun Oct  2 00:28:12 2022

OUTPUT FILE NAME:   <Lab4.out>
ENTRY POINT SYMBOL: "_c_int00_noargs"  address: 000007b5


MEMORY CONFIGURATION

         name            origin    length      used     unused   attr    fill
----------------------  --------  ---------  --------  --------  ----  --------
  MAIN                  00000000   00040000  00000878  0003f788  R  X
  INFO                  00200000   00004000  00000000  00004000  R  X
  SRAM_CODE             01000000   00010000  00000216  0000fdea  RW X
  SRAM_DATA             20000000   00010000  00000216  0000fdea  RW  


SEGMENT ALLOCATION MAP

run origin  load origin   length   init length attrs members
----------  ----------- ---------- ----------- ----- -------
00000000    00000000    0000087c   0000087c    r-x
  00000000    00000000    000000e4   000000e4    r-- .intvecs
  000000e4    000000e4    00000728   00000728    r-x .text
  0000080c    0000080c    00000050   00000050    r-- .const
  00000860    00000860    0000001c   0000001c    r-- .cinit
20000000    20000000    00000016   00000000    rw-
  20000000    20000000    00000016   00000000    rw- .data
2000fe00    2000fe00    00000200   00000000    rw-
  2000fe00    2000fe00    00000200   00000000    rw- .stack


SECTION ALLOCATION MAP

 output                                  attributes/
section   page    origin      length       input sections
--------  ----  ----------  ----------   ----------------
.intvecs   0    00000000    000000e4     
                  00000000    000000e4     startup_msp432p401r_ccs.obj (.intvecs:retain)

.text      0    000000e4    00000728     
                  000000e4    00000334     system_msp432p401r.obj (.text)
                  00000418    00000254     main.obj (.text)
                  0000066c    0000009c     rtsv7M4_T_le_v4SPD16_eabi.lib : memcpy_t2.asm.obj (.text)
                  00000708    00000068                                   : copy_decompress_lzss.c.obj (.text:decompress:lzss:__TI_decompress_lzss)
                  00000770    00000044                                   : autoinit.c.obj (.text:__TI_auto_init_nobinit_nopinit:__TI_auto_init_nobinit_nopinit)
                  000007b4    00000034                                   : boot_cortex_m.c.obj (.text:_c_int00_noargs:_c_int00_noargs)
                  000007e8    0000000e                                   : copy_decompress_none.c.obj (.text:decompress:none:__TI_decompress_none)
                  000007f6    0000000e     startup_msp432p401r_ccs.obj (.text)
                  00000804    00000004     rtsv7M4_T_le_v4SPD16_eabi.lib : pre_init.c.obj (.text:_system_pre_init)
                  00000808    00000004                                   : exit.c.obj (.text:abort:abort)

.const     0    0000080c    00000050     
                  0000080c    00000040     main.obj (.const:$P$T1$2)
                  0000084c    00000010     main.obj (.const:$P$T0$1)

.cinit     0    00000860    0000001c     
                  00000860    0000000c     (.cinit..data.load) [load image, compression = lzss]
                  0000086c    00000008     (__TI_handler_table)
                  00000874    00000008     (__TI_cinit_table)

.init_array 
*          0    00000000    00000000     UNINITIALIZED

.binit     0    00000000    00000000     

.data      0    20000000    00000016     UNINITIALIZED
                  20000000    00000010     main.obj (.data:display)
                  20000010    00000004     system_msp432p401r.obj (.data)
                  20000014    00000002     main.obj (.data)

.stack     0    2000fe00    00000200     UNINITIALIZED
                  2000fe00    00000004     rtsv7M4_T_le_v4SPD16_eabi.lib : boot_cortex_m.c.obj (.stack)
                  2000fe04    000001fc     --HOLE--

__llvm_prf_cnts 
*          0    20000000    00000000     UNINITIALIZED

MODULE SUMMARY

       Module                        code   ro data   rw data
       ------                        ----   -------   -------
    .\
       system_msp432p401r.obj        820    0         8      
       main.obj                      596    80        36     
       startup_msp432p401r_ccs.obj   14     228       0      
    +--+-----------------------------+------+---------+---------+
       Total:                        1430   308       44     
                                                             
    C:\ti\ccs1200\ccs\tools\compiler\ti-cgt-arm_20.2.6.LTS\lib\rtsv7M4_T_le_v4SPD16_eabi.lib
       memcpy_t2.asm.obj             156    0         0      
       copy_decompress_lzss.c.obj    104    0         0      
       autoinit.c.obj                68     0         0      
       boot_cortex_m.c.obj           52     0         0      
       copy_decompress_none.c.obj    14     0         0      
       exit.c.obj                    4      0         0      
       pre_init.c.obj                4      0         0      
    +--+-----------------------------+------+---------+---------+
       Total:                        402    0         0      
                                                             
       Stack:                        0      0         1024   
       Linker Generated:             0      28        0      
    +--+-----------------------------+------+---------+---------+
       Grand Total:                  1832   336       1068   


LINKER GENERATED COPY TABLES

__TI_cinit_table @ 00000874 records: 1, size/record: 8, table size: 8
	.data: load addr=00000860, load size=0000000c bytes, run addr=20000000, run size=00000016 bytes, compression=lzss


LINKER GENERATED HANDLER TABLE

__TI_handler_table @ 0000086c records: 2, size/record: 4, table size: 8
	index: 0, handler: __TI_decompress_lzss
	index: 1, handler: __TI_decompress_none


GLOBAL SYMBOLS: SORTED ALPHABETICALLY BY Name 

address   name                          
-------   ----                          
00000803  ADC14_IRQHandler              
00000803  AES256_IRQHandler             
00000803  BusFault_Handler              
00000809  C$$EXIT                       
00000803  COMP_E0_IRQHandler            
00000803  COMP_E1_IRQHandler            
00000803  CS_IRQHandler                 
00000803  DMA_ERR_IRQHandler            
00000803  DMA_INT0_IRQHandler           
00000803  DMA_INT1_IRQHandler           
00000803  DMA_INT2_IRQHandler           
00000803  DMA_INT3_IRQHandler           
00000803  DebugMon_Handler              
00000803  Default_Handler               
00000803  EUSCIA0_IRQHandler            
00000803  EUSCIA1_IRQHandler            
00000803  EUSCIA2_IRQHandler            
00000803  EUSCIA3_IRQHandler            
00000803  EUSCIB0_IRQHandler            
00000803  EUSCIB1_IRQHandler            
00000803  EUSCIB2_IRQHandler            
00000803  EUSCIB3_IRQHandler            
00000803  FLCTL_IRQHandler              
00000803  FPU_IRQHandler                
00000419  GPIO_7_seg_display_init       
00000803  HardFault_Handler             
00000803  MemManage_Handler             
00000803  NMI_Handler                   
0000046d  NVIC_init                     
00000803  PCM_IRQHandler                
000004a9  PORT1_IRQHandler              
000004a9  PORT1_IRQHandler              
00000803  PORT2_IRQHandler              
00000803  PORT3_IRQHandler              
00000803  PORT4_IRQHandler              
00000803  PORT5_IRQHandler              
00000803  PORT6_IRQHandler              
00000803  PSS_IRQHandler                
00000803  PendSV_Handler                
00000803  RTC_C_IRQHandler              
000007f7  Reset_Handler                 
00000803  SVC_Handler                   
00000803  SysTick_Handler               
20000010  SystemCoreClock               
000000e5  SystemCoreClockUpdate         
0000035d  SystemInit                    
00000803  T32_INT1_IRQHandler           
00000803  T32_INT2_IRQHandler           
00000803  T32_INTC_IRQHandler           
00000803  TA0_0_IRQHandler              
00000803  TA0_N_IRQHandler              
00000803  TA1_0_IRQHandler              
00000803  TA1_N_IRQHandler              
00000803  TA2_0_IRQHandler              
00000803  TA2_N_IRQHandler              
00000803  TA3_0_IRQHandler              
00000803  TA3_N_IRQHandler              
00000803  UsageFault_Handler            
4000480c  WDTCTL_SYM                    
00000803  WDT_A_IRQHandler              
20010000  __STACK_END                   
00000200  __STACK_SIZE                  
00000874  __TI_CINIT_Base               
0000087c  __TI_CINIT_Limit              
0000086c  __TI_Handler_Table_Base       
00000874  __TI_Handler_Table_Limit      
00000771  __TI_auto_init_nobinit_nopinit
00000709  __TI_decompress_lzss          
000007e9  __TI_decompress_none          
ffffffff  __TI_pprof_out_hndl           
ffffffff  __TI_prof_data_size           
ffffffff  __TI_prof_data_start          
00000000  __TI_static_base__            
0000066d  __aeabi_memcpy                
0000066d  __aeabi_memcpy4               
0000066d  __aeabi_memcpy8               
ffffffff  __binit__                     
ffffffff  __c_args__                    
UNDEFED   __mpu_init                    
2000fe00  __stack                       
20000000  __start___llvm_prf_cnts       
20000000  __stop___llvm_prf_cnts        
000007b5  _c_int00_noargs               
UNDEFED   _system_post_cinit            
00000805  _system_pre_init              
00000809  abort                         
ffffffff  binit                         
00000545  blank_LED                     
20000014  counter                       
20000000  display                       
000005af  display_LED                   
000004d7  integer_to_array              
00000000  interruptVectors              
000005cf  main                          
0000066d  memcpy                        
0000056d  output_segments               
00000439  push_button_init              
0000054d  select_LED_Digit              
0000058d  set_neg_LED                   


GLOBAL SYMBOLS: SORTED BY Symbol Address 

address   name                          
-------   ----                          
00000000  __TI_static_base__            
00000000  interruptVectors              
000000e5  SystemCoreClockUpdate         
00000200  __STACK_SIZE                  
0000035d  SystemInit                    
00000419  GPIO_7_seg_display_init       
00000439  push_button_init              
0000046d  NVIC_init                     
000004a9  PORT1_IRQHandler              
000004a9  PORT1_IRQHandler              
000004d7  integer_to_array              
00000545  blank_LED                     
0000054d  select_LED_Digit              
0000056d  output_segments               
0000058d  set_neg_LED                   
000005af  display_LED                   
000005cf  main                          
0000066d  __aeabi_memcpy                
0000066d  __aeabi_memcpy4               
0000066d  __aeabi_memcpy8               
0000066d  memcpy                        
00000709  __TI_decompress_lzss          
00000771  __TI_auto_init_nobinit_nopinit
000007b5  _c_int00_noargs               
000007e9  __TI_decompress_none          
000007f7  Reset_Handler                 
00000803  ADC14_IRQHandler              
00000803  AES256_IRQHandler             
00000803  BusFault_Handler              
00000803  COMP_E0_IRQHandler            
00000803  COMP_E1_IRQHandler            
00000803  CS_IRQHandler                 
00000803  DMA_ERR_IRQHandler            
00000803  DMA_INT0_IRQHandler           
00000803  DMA_INT1_IRQHandler           
00000803  DMA_INT2_IRQHandler           
00000803  DMA_INT3_IRQHandler           
00000803  DebugMon_Handler              
00000803  Default_Handler               
00000803  EUSCIA0_IRQHandler            
00000803  EUSCIA1_IRQHandler            
00000803  EUSCIA2_IRQHandler            
00000803  EUSCIA3_IRQHandler            
00000803  EUSCIB0_IRQHandler            
00000803  EUSCIB1_IRQHandler            
00000803  EUSCIB2_IRQHandler            
00000803  EUSCIB3_IRQHandler            
00000803  FLCTL_IRQHandler              
00000803  FPU_IRQHandler                
00000803  HardFault_Handler             
00000803  MemManage_Handler             
00000803  NMI_Handler                   
00000803  PCM_IRQHandler                
00000803  PORT2_IRQHandler              
00000803  PORT3_IRQHandler              
00000803  PORT4_IRQHandler              
00000803  PORT5_IRQHandler              
00000803  PORT6_IRQHandler              
00000803  PSS_IRQHandler                
00000803  PendSV_Handler                
00000803  RTC_C_IRQHandler              
00000803  SVC_Handler                   
00000803  SysTick_Handler               
00000803  T32_INT1_IRQHandler           
00000803  T32_INT2_IRQHandler           
00000803  T32_INTC_IRQHandler           
00000803  TA0_0_IRQHandler              
00000803  TA0_N_IRQHandler              
00000803  TA1_0_IRQHandler              
00000803  TA1_N_IRQHandler              
00000803  TA2_0_IRQHandler              
00000803  TA2_N_IRQHandler              
00000803  TA3_0_IRQHandler              
00000803  TA3_N_IRQHandler              
00000803  UsageFault_Handler            
00000803  WDT_A_IRQHandler              
00000805  _system_pre_init              
00000809  C$$EXIT                       
00000809  abort                         
0000086c  __TI_Handler_Table_Base       
00000874  __TI_CINIT_Base               
00000874  __TI_Handler_Table_Limit      
0000087c  __TI_CINIT_Limit              
20000000  __start___llvm_prf_cnts       
20000000  __stop___llvm_prf_cnts        
20000000  display                       
20000010  SystemCoreClock               
20000014  counter                       
2000fe00  __stack                       
20010000  __STACK_END                   
4000480c  WDTCTL_SYM                    
ffffffff  __TI_pprof_out_hndl           
ffffffff  __TI_prof_data_size           
ffffffff  __TI_prof_data_start          
ffffffff  __binit__                     
ffffffff  __c_args__                    
ffffffff  binit                         
UNDEFED   __mpu_init                    
UNDEFED   _system_post_cinit            

[99 symbols]
